
  .   ____          _            __ _ _
 /\\ / ___'_ __ _ _(_)_ __  __ _ \ \ \ \
( ( )\___ | '_ | '_| | '_ \/ _` | \ \ \ \
 \\/  ___)| |_)| | | | | || (_| |  ) ) ) )
  '  |____| .__|_| |_|_| |_\__, | / / / /
 =========|_|==============|___/=/_/_/_/
 :: Spring Boot ::                (v3.2.3)

2026-03-11T05:06:25.481+08:00  INFO 1936783 --- [huanggou-chat] [           main] com.huanggou.chat.ChatApplication        : Starting ChatApplication v1.0.0 using Java 17.0.18 with PID 1936783 (/root/.openclaw/workspace/huanggou-chat/backend/target/chat-1.0.0.jar started by root in /root/.openclaw/workspace/huanggou-chat/backend)
2026-03-11T05:06:25.485+08:00 DEBUG 1936783 --- [huanggou-chat] [           main] com.huanggou.chat.ChatApplication        : Running with Spring Boot v3.2.3, Spring v6.1.4
2026-03-11T05:06:25.487+08:00  INFO 1936783 --- [huanggou-chat] [           main] com.huanggou.chat.ChatApplication        : No active profile set, falling back to 1 default profile: "default"
2026-03-11T05:06:27.199+08:00  INFO 1936783 --- [huanggou-chat] [           main] .s.d.r.c.RepositoryConfigurationDelegate : Bootstrapping Spring Data JPA repositories in DEFAULT mode.
2026-03-11T05:06:27.417+08:00  INFO 1936783 --- [huanggou-chat] [           main] .s.d.r.c.RepositoryConfigurationDelegate : Finished Spring Data repository scanning in 206 ms. Found 3 JPA repository interfaces.
2026-03-11T05:06:28.176+08:00  INFO 1936783 --- [huanggou-chat] [           main] o.s.b.w.embedded.tomcat.TomcatWebServer  : Tomcat initialized with port 3001 (http)
2026-03-11T05:06:28.190+08:00  INFO 1936783 --- [huanggou-chat] [           main] o.apache.catalina.core.StandardService   : Starting service [Tomcat]
2026-03-11T05:06:28.190+08:00  INFO 1936783 --- [huanggou-chat] [           main] o.apache.catalina.core.StandardEngine    : Starting Servlet engine: [Apache Tomcat/10.1.19]
2026-03-11T05:06:28.239+08:00  INFO 1936783 --- [huanggou-chat] [           main] o.a.c.c.C.[Tomcat].[localhost].[/]       : Initializing Spring embedded WebApplicationContext
2026-03-11T05:06:28.241+08:00  INFO 1936783 --- [huanggou-chat] [           main] w.s.c.ServletWebServerApplicationContext : Root WebApplicationContext: initialization completed in 2640 ms
2026-03-11T05:06:28.310+08:00 DEBUG 1936783 --- [huanggou-chat] [           main] c.h.chat.config.JwtAuthenticationFilter  : Filter 'jwtAuthenticationFilter' configured for use
2026-03-11T05:06:28.462+08:00  INFO 1936783 --- [huanggou-chat] [           main] o.hibernate.jpa.internal.util.LogHelper  : HHH000204: Processing PersistenceUnitInfo [name: default]
2026-03-11T05:06:28.532+08:00  INFO 1936783 --- [huanggou-chat] [           main] org.hibernate.Version                    : HHH000412: Hibernate ORM core version 6.4.4.Final
2026-03-11T05:06:28.580+08:00  INFO 1936783 --- [huanggou-chat] [           main] o.h.c.internal.RegionFactoryInitiator    : HHH000026: Second-level cache disabled
2026-03-11T05:06:28.922+08:00  INFO 1936783 --- [huanggou-chat] [           main] o.s.o.j.p.SpringPersistenceUnitInfo      : No LoadTimeWeaver setup: ignoring JPA class transformer
2026-03-11T05:06:28.959+08:00  INFO 1936783 --- [huanggou-chat] [           main] com.zaxxer.hikari.HikariDataSource       : HikariPool-1 - Starting...
2026-03-11T05:06:29.072+08:00  INFO 1936783 --- [huanggou-chat] [           main] com.zaxxer.hikari.pool.HikariPool        : HikariPool-1 - Added connection org.sqlite.jdbc4.JDBC4Connection@1552da16
2026-03-11T05:06:29.075+08:00  INFO 1936783 --- [huanggou-chat] [           main] com.zaxxer.hikari.HikariDataSource       : HikariPool-1 - Start completed.
2026-03-11T05:06:30.272+08:00  INFO 1936783 --- [huanggou-chat] [           main] o.h.e.t.j.p.i.JtaPlatformInitiator       : HHH000489: No JTA platform available (set 'hibernate.transaction.jta.platform' to enable JTA platform integration)
2026-03-11T05:06:30.327+08:00  INFO 1936783 --- [huanggou-chat] [           main] j.LocalContainerEntityManagerFactoryBean : Initialized JPA EntityManagerFactory for persistence unit 'default'
2026-03-11T05:06:30.980+08:00  WARN 1936783 --- [huanggou-chat] [           main] JpaBaseConfiguration$JpaWebConfiguration : spring.jpa.open-in-view is enabled by default. Therefore, database queries may be performed during view rendering. Explicitly configure spring.jpa.open-in-view to disable this warning
2026-03-11T05:06:30.999+08:00  WARN 1936783 --- [huanggou-chat] [           main] .s.s.UserDetailsServiceAutoConfiguration : 

Using generated security password: 5a001b17-02b2-4b02-8cae-9411b1cc6f89

This generated password is for development use only. Your security configuration must be updated before running your application in production.

2026-03-11T05:06:31.374+08:00  INFO 1936783 --- [huanggou-chat] [           main] o.s.s.web.DefaultSecurityFilterChain     : Will secure any request with [org.springframework.security.web.session.DisableEncodeUrlFilter@6de4071b, org.springframework.security.web.context.request.async.WebAsyncManagerIntegrationFilter@7077ae9c, org.springframework.security.web.context.SecurityContextHolderFilter@34a99d8, org.springframework.security.web.header.HeaderWriterFilter@67afc9b6, org.springframework.web.filter.CorsFilter@3fe3ebb3, org.springframework.security.web.authentication.logout.LogoutFilter@6046fba0, com.huanggou.chat.config.JwtAuthenticationFilter@39666e42, org.springframework.security.web.savedrequest.RequestCacheAwareFilter@13e6c544, org.springframework.security.web.servletapi.SecurityContextHolderAwareRequestFilter@6c68f29c, org.springframework.security.web.authentication.AnonymousAuthenticationFilter@22a1d77b, org.springframework.security.web.session.SessionManagementFilter@21539796, org.springframework.security.web.access.ExceptionTranslationFilter@252d2ac0, org.springframework.security.web.access.intercept.AuthorizationFilter@689ea211]
2026-03-11T05:06:31.708+08:00  INFO 1936783 --- [huanggou-chat] [           main] o.s.b.w.embedded.tomcat.TomcatWebServer  : Tomcat started on port 3001 (http) with context path ''
2026-03-11T05:06:31.725+08:00  INFO 1936783 --- [huanggou-chat] [           main] com.huanggou.chat.ChatApplication        : Started ChatApplication in 6.963 seconds (process running for 7.795)
🤬 黄狗一号聊天服务器启动成功！
2026-03-11T05:06:47.733+08:00  INFO 1936783 --- [huanggou-chat] [nio-3001-exec-1] o.a.c.c.C.[Tomcat].[localhost].[/]       : Initializing Spring DispatcherServlet 'dispatcherServlet'
2026-03-11T05:06:47.734+08:00  INFO 1936783 --- [huanggou-chat] [nio-3001-exec-1] o.s.web.servlet.DispatcherServlet        : Initializing Servlet 'dispatcherServlet'
2026-03-11T05:06:47.735+08:00  INFO 1936783 --- [huanggou-chat] [nio-3001-exec-1] o.s.web.servlet.DispatcherServlet        : Completed initialization in 1 ms
2026-03-11T05:36:23.949+08:00  INFO 1936783 --- [huanggou-chat] [ionShutdownHook] j.LocalContainerEntityManagerFactoryBean : Closing JPA EntityManagerFactory for persistence unit 'default'
2026-03-11T05:36:23.951+08:00  INFO 1936783 --- [huanggou-chat] [ionShutdownHook] com.zaxxer.hikari.HikariDataSource       : HikariPool-1 - Shutdown initiated...
2026-03-11T05:36:23.955+08:00  INFO 1936783 --- [huanggou-chat] [ionShutdownHook] com.zaxxer.hikari.HikariDataSource       : HikariPool-1 - Shutdown completed.
